// Jest Snapshot v1, https://goo.gl/fbAQLP

exports[`blockoutsByDay() it creates properly formatted days from a blockout 1`] = `
Array [
  Array [
    "2019-01-18T08:00:00.000Z",
    Array [
      Object {
        "created_at": "2019-01-18T10:11:38.286-08:00",
        "end_at": "2019-01-18T23:59:59.999-08:00",
        "exdate": Array [],
        "id": 129,
        "last_occurrence": null,
        "parent_id": null,
        "range": t {
          "end": "2019-01-19T07:59:59.000Z",
          "start": "2019-01-18T08:00:00.000Z",
        },
        "reason": null,
        "rrule": null,
        "start_at": "2019-01-18T00:00:00.000-08:00",
        "updated_at": "2019-01-18T10:11:38.286-08:00",
        "user_id": 1,
      },
    ],
  ],
  Array [
    "2019-01-25T08:00:00.000Z",
    Array [
      Object {
        "created_at": "2019-01-18T10:11:55.848-08:00",
        "end_at": "2019-01-25T23:59:59.999-08:00",
        "exdate": Array [],
        "id": 131,
        "last_occurrence": null,
        "parent_id": null,
        "range": t {
          "end": "2019-01-26T07:59:59.000Z",
          "start": "2019-01-25T08:00:00.000Z",
        },
        "reason": null,
        "rrule": null,
        "start_at": "2019-01-25T00:00:00.000-08:00",
        "updated_at": "2019-01-18T10:11:55.848-08:00",
        "user_id": 1,
      },
    ],
  ],
  Array [
    "2019-01-28T08:00:00.000Z",
    Array [
      Object {
        "created_at": "2019-01-18T10:12:14.811-08:00",
        "end_at": "2019-01-31T23:59:00.000-08:00",
        "exdate": Array [],
        "id": 132,
        "last_occurrence": null,
        "parent_id": null,
        "range": t {
          "end": "2019-01-29T07:59:59.999Z",
          "start": "2019-01-28T08:00:00.000Z",
        },
        "reason": null,
        "rrule": null,
        "start_at": "2019-01-28T00:00:00.000-08:00",
        "updated_at": "2019-01-18T10:12:14.811-08:00",
        "user_id": 1,
      },
    ],
  ],
  Array [
    "2019-01-29T08:00:00.000Z",
    Array [
      Object {
        "created_at": "2019-01-18T10:12:14.811-08:00",
        "end_at": "2019-01-31T23:59:00.000-08:00",
        "exdate": Array [],
        "id": 132,
        "last_occurrence": null,
        "parent_id": null,
        "range": t {
          "end": "2019-01-30T07:59:59.999Z",
          "start": "2019-01-29T08:00:00.000Z",
        },
        "reason": null,
        "rrule": null,
        "start_at": "2019-01-28T00:00:00.000-08:00",
        "updated_at": "2019-01-18T10:12:14.811-08:00",
        "user_id": 1,
      },
    ],
  ],
  Array [
    "2019-01-30T08:00:00.000Z",
    Array [
      Object {
        "created_at": "2019-01-18T10:12:14.811-08:00",
        "end_at": "2019-01-31T23:59:00.000-08:00",
        "exdate": Array [],
        "id": 132,
        "last_occurrence": null,
        "parent_id": null,
        "range": t {
          "end": "2019-01-31T07:59:59.999Z",
          "start": "2019-01-30T08:00:00.000Z",
        },
        "reason": null,
        "rrule": null,
        "start_at": "2019-01-28T00:00:00.000-08:00",
        "updated_at": "2019-01-18T10:12:14.811-08:00",
        "user_id": 1,
      },
    ],
  ],
  Array [
    "2019-01-31T08:00:00.000Z",
    Array [
      Object {
        "created_at": "2019-01-18T10:12:14.811-08:00",
        "end_at": "2019-01-31T23:59:00.000-08:00",
        "exdate": Array [],
        "id": 132,
        "last_occurrence": null,
        "parent_id": null,
        "range": t {
          "end": "2019-02-01T07:59:00.000Z",
          "start": "2019-01-31T08:00:00.000Z",
        },
        "reason": null,
        "rrule": null,
        "start_at": "2019-01-28T00:00:00.000-08:00",
        "updated_at": "2019-01-18T10:12:14.811-08:00",
        "user_id": 1,
      },
    ],
  ],
]
`;
